Component: ARM Compiler 5.06 update 6 (build 750) Tool: armlink [4d35ed]

==============================================================================

Section Cross References

    main.o(.text) refers to printfa.o(i.__0printf) for __2printf
    main.o(.text) refers to wm_led.o(.text) for UserLedInit
    main.o(.text) refers to wm_e2prom.o(.text) for AT24CXX_init
    main.o(.text) refers to wm_lcd.o(.text) for LCD_init
    main.o(.text) refers to wm_wifi.o(.text) for CreateWifiTask
    main.o(.text) refers to wm_console_task.o(.text) for CreateRTCTask
    wm_console_task.o(.text) refers to wm_rtos.o(.text) for tls_os_queue_create
    wm_console_task.o(.text) refers to wm_console_task.o(.data) for .data
    wm_console_task.o(.text) refers to wm_console_task.o(.bss) for .bss
    wm_console_task.o(.text) refers to wm_relay.o(.text) for Relay_control
    wm_console_task.o(.text) refers to wm_lcd.o(.text) for LCD_display
    wm_console_task.o(.text) refers to wm_exrtc.o(.text) for exrtc_save
    wm_console_task.o(.text) refers to wm_uart1.o(.text) for Uart1TaskProc
    wm_relay.o(.text) refers to wm_driver.o(.text) for tls_gpio_cfg
    wm_relay.o(.text) refers to wm_rtos.o(.text) for tls_os_time_delay
    wm_lcd.o(.text) refers to wm_driver.o(.text) for tls_gpio_cfg
    wm_lcd.o(.text) refers to wm_lcd.o(.bss) for .bss
    wm_lcd.o(.text) refers to printfa.o(i.__0printf) for __2printf
    wm_lcd.o(.text) refers to wm_exrtc.o(.text) for Read_time
    wm_lcd.o(.text) refers to wm_rtos.o(.text) for tls_os_time_delay
    wm_lcd.o(.text) refers to wm_lcd.o(.data) for .data
    wm_lcd.o(.text) refers to wm_lcd.o(.constdata) for .constdata
    wm_exrtc.o(.text) refers to wm_driver.o(.text) for tls_i2c_write_byte
    wm_exrtc.o(.text) refers to printfa.o(i.__0printf) for __2printf
    wm_exrtc.o(.text) refers to wm_e2prom.o(.text) for AT24CXX_Write
    wm_exrtc.o(.text) refers to wm_rtos.o(.text) for tls_os_time_delay
    wm_exrtc.o(.text) refers to wm_exrtc.o(.data) for .data
    wm_e2prom.o(.text) refers to wm_driver.o(.text) for tls_i2c_write_byte
    wm_e2prom.o(.text) refers to wm_rtos.o(.text) for tls_os_time_delay
    wm_e2prom.o(.text) refers to printfa.o(i.__0printf) for __2printf
    wm_led.o(.text) refers to wm_driver.o(.text) for tls_gpio_cfg
    wm_uart1.o(.text) refers to memseta.o(.text) for __aeabi_memclr
    wm_uart1.o(.text) refers to wm_driver.o(.text) for tls_uart_read
    wm_uart1.o(.text) refers to printfa.o(i.__0printf) for __2printf
    wm_uart1.o(.text) refers to wm_common.o(.text) for tls_param_get
    wm_uart1.o(.text) refers to wm_rtos.o(.text) for tls_os_time_delay
    wm_uart1.o(.text) refers to wm_meter.o(.text) for Meter_init
    wm_uart1.o(.text) refers to wm_uart1.o(.bss) for .bss
    wm_uart1.o(.text) refers to wm_meter.o(.bss) for meterprotocol
    wm_wifi.o(.text) refers to wm_rtos.o(.text) for tls_os_time_delay
    wm_wifi.o(.text) refers to memseta.o(.text) for __aeabi_memclr
    wm_wifi.o(.text) refers to lwip2.0.3.o(.text) for recvfrom
    wm_wifi.o(.text) refers to wm_datahandle.o(.text) for Data_Handle
    wm_wifi.o(.text) refers to printfa.o(i.__0printf) for __2printf
    wm_wifi.o(.text) refers to memmove.o(.text) for __aeabi_memcpy
    wm_wifi.o(.text) refers to wm_common.o(.text) for mem_alloc_debug
    wm_wifi.o(.text) refers to wm_oneshot_airkiss.o(.text) for oneshot_airkiss_send_reply
    wm_wifi.o(.text) refers to wm_lcd.o(.text) for UserLcdBlink
    wm_wifi.o(.text) refers to wm_wifi_oneshot.o(.text) for tls_wifi_set_oneshot_flag
    wm_wifi.o(.text) refers to wm_driver.o(.text) for tls_gpio_cfg
    wm_wifi.o(.text) refers to wm_wifi_api.o(.text) for tls_wifi_auto_connect_flag
    wm_wifi.o(.text) refers to wm_wifi.o(.data) for .data
    wm_wifi.o(.text) refers to wm_datahandle.o(.data) for UDPAckLen
    wm_wifi.o(.text) refers to wm_datahandle.o(.bss) for UDPAck
    wm_wifi.o(.text) refers to wm_wifi.o(.bss) for .bss
    wm_datahandle.o(.text) refers to wm_e2prom.o(.text) for AT24CXX_Read
    wm_datahandle.o(.text) refers to wm_relay.o(.text) for GetRelayStatus
    wm_datahandle.o(.text) refers to wm_rtos.o(.text) for tls_os_time_delay
    wm_datahandle.o(.text) refers to wm_exrtc.o(.text) for RTC_WriteDate
    wm_datahandle.o(.text) refers to printfa.o(i.__0printf) for __2printf
    wm_datahandle.o(.text) refers to wm_datahandle.o(.bss) for .bss
    wm_datahandle.o(.text) refers to wm_datahandle.o(.data) for .data
    wm_meter.o(.text) refers to wm_driver.o(.text) for tls_uart_write
    wm_meter.o(.text) refers to wm_rtos.o(.text) for tls_os_time_delay
    wm_meter.o(.text) refers to printfa.o(i.__0printf) for __2printf
    wm_meter.o(.text) refers to wm_e2prom.o(.text) for AT24CXX_Read
    wm_meter.o(.text) refers to ffltui.o(.text) for __aeabi_ui2f
    wm_meter.o(.text) refers to f2d.o(.text) for __aeabi_f2d
    wm_meter.o(.text) refers to cfcmple.o(.text) for __aeabi_cfcmple
    wm_meter.o(.text) refers to wm_meter.o(.bss) for .bss
[...]
    LO_leakage_func_method                   0x0804f675   Thumb Code   342  tx_lo_cal.o(.text)
    rf_loleakage_cal                         0x0804f7cb   Thumb Code    34  tx_lo_cal.o(.text)
    aes_128_cbc_encrypt                      0x0804f809   Thumb Code   118  aes.o(.text)
    aes_128_cbc_decrypt                      0x0804f87f   Thumb Code   112  aes.o(.text)
    aes_unwrap                               0x0804f8ef   Thumb Code   180  aes_unwrap.o(.text)
    mlme_deletekeys_request                  0x0804f9a3   Thumb Code    12  ap_mlme.o(.text)
    mlme_authenticate_indication             0x0804f9af   Thumb Code    16  ap_mlme.o(.text)
    mlme_deauthenticate_indication           0x0804f9bf   Thumb Code     2  ap_mlme.o(.text)
    mlme_associate_indication                0x0804f9c1   Thumb Code    10  ap_mlme.o(.text)
    mlme_reassociate_indication              0x0804f9cb   Thumb Code    10  ap_mlme.o(.text)
    mlme_disassociate_indication             0x0804f9d5   Thumb Code     2  ap_mlme.o(.text)
    mlme_michaelmicfailure_indication        0x0804f9d7   Thumb Code     2  ap_mlme.o(.text)
    hostapd_eid_wmm                          0x0804fa13   Thumb Code   158  beacon.o(.text)
    hostapd_eid_wmm_valid                    0x0804fab1   Thumb Code    18  beacon.o(.text)
    handle_probe_req                         0x0804fac3   Thumb Code   342  beacon.o(.text)
    ieee802_11_set_beacon                    0x0804fc19   Thumb Code   592  beacon.o(.text)
    wpa_ssid_txt                             0x0804fea5   Thumb Code    52  common.o(.text)
    hex2byte                                 0x0804fed9   Thumb Code    42  common.o(.text)
    hexstr2bin                               0x0804ff03   Thumb Code    48  common.o(.text)
    inc_byte_array                           0x0804ff33   Thumb Code    18  common.o(.text)
    wpa_get_ntp_timestamp                    0x0804ff45   Thumb Code    48  common.o(.text)
    Arc4Init                                 0x0804ffa9   Thumb Code    72  rc4.o(.text)
    Arc4_skip                                0x0804fff1   Thumb Code   148  rc4.o(.text)
    rc4_skip                                 0x08050085   Thumb Code    44  rc4.o(.text)
    rc4                                      0x080500b1   Thumb Code    14  rc4.o(.text)
    wpa_auth_for_each_sta                    0x0805011d   Thumb Code    36  wpa_auth.o(.text)
    wpa_auth_logger                          0x08050141   Thumb Code     2  wpa_auth.o(.text)
    __wpa_send_eapol                         0x080501af   Thumb Code   710  wpa_auth.o(.text)
    wpa_remove_ptk                           0x08050c49   Thumb Code    62  wpa_auth.o(.text)
    wpa_init                                 0x08051091   Thumb Code   170  wpa_auth.o(.text)
    wpa_init_keys                            0x0805113b   Thumb Code    28  wpa_auth.o(.text)
    wpa_deinit                               0x08051157   Thumb Code    56  wpa_auth.o(.text)
    wpa_reconfig                             0x0805118f   Thumb Code    70  wpa_auth.o(.text)
    wpa_auth_sta_init                        0x080511d5   Thumb Code    46  wpa_auth.o(.text)
    wpa_auth_sta_associated                  0x08051203   Thumb Code    88  wpa_auth.o(.text)
    wpa_auth_sta_no_wpa                      0x0805125b   Thumb Code    12  wpa_auth.o(.text)
    wpa_auth_sta_deinit                      0x08051267   Thumb Code   104  wpa_auth.o(.text)
    wpa_receive                              0x080512cf   Thumb Code   692  wpa_auth.o(.text)
    wpa_auth_sm_event                        0x08051583   Thumb Code   128  wpa_auth.o(.text)
    wpa_gtk_rekey                            0x08051603   Thumb Code    42  wpa_auth.o(.text)
    wpa_auth_countermeasures_start           0x0805162d   Thumb Code    12  wpa_auth.o(.text)
    wpa_auth_pairwise_set                    0x08051639   Thumb Code    20  wpa_auth.o(.text)
    wpa_auth_get_pairwise                    0x0805164d   Thumb Code     6  wpa_auth.o(.text)
    wpa_auth_sta_key_mgmt                    0x08051653   Thumb Code    14  wpa_auth.o(.text)
    wpa_auth_sta_wpa_version                 0x08051661   Thumb Code    10  wpa_auth.o(.text)
    wpa_auth_sta_clear_pmksa                 0x0805166b   Thumb Code    26  wpa_auth.o(.text)
    wpa_auth_sta_get_pmksa                   0x08051685   Thumb Code    10  wpa_auth.o(.text)
    wpa_auth_sta_local_mic_failure_report    0x0805168f   Thumb Code    16  wpa_auth.o(.text)
    wpa_auth_get_wpa_ie                      0x0805169f   Thumb Code    14  wpa_auth.o(.text)
    hostapd_deinit_wpa                       0x080517c5   Thumb Code    28  wpa_auth_glue.o(.text)
    hostapd_setup_wpa                        0x080517e1   Thumb Code   100  wpa_auth_glue.o(.text)
    wpa_write_rsn_ie                         0x08051971   Thumb Code   360  wpa_auth_ie.o(.text)
    wpa_auth_gen_wpa_ie                      0x08051ad9   Thumb Code   106  wpa_auth_ie.o(.text)
    wpa_add_kde                              0x08051b43   Thumb Code    80  wpa_auth_ie.o(.text)
    wpa_validate_wpa_ie                      0x08051b93   Thumb Code   492  wpa_auth_ie.o(.text)
    wpa_parse_kde_ies                        0x08051d7f   Thumb Code   114  wpa_auth_ie.o(.text)
    wpa_auth_uses_mfp                        0x08051df1   Thumb Code    14  wpa_auth_ie.o(.text)
    wpa_eapol_key_mic                        0x08051ead   Thumb Code    68  wpa_common.o(.text)
    rsn_pmkid                                0x08051ef1   Thumb Code    54  wpa_common.o(.text)
    wpa_pmk_to_ptk                           0x08051f27   Thumb Code   156  wpa_common.o(.text)
    wpa_cipher_txt                           0x08051fc3   Thumb Code    56  wpa_common.o(.text)
    wpa_compare_rsn_ie                       0x08051ffb   Thumb Code    32  wpa_common.o(.text)
    wpa_parse_wpa_ie_rsn                     0x08052085   Thumb Code   336  wpa_common.o(.text)
    wpa_parse_wpa_ie_wpa                     0x0805223f   Thumb Code   422  wpa_common.o(.text)
    hex2digit                                0x080523e5   Thumb Code    42  wpa_common.o(.text)
    hostapd_drv_sta_remove                   0x08052415   Thumb Code     8  hostapd_wpa_driver.o(.text)
    hostapd_set_sta_flags                    0x0805241d   Thumb Code     4  hostapd_wpa_driver.o(.text)
    hostapd_sta_flags_to_drv                 0x08052421   Thumb Code    36  hostapd_wpa_driver.o(.text)
    hostapd_drv_sta_add                      0x08052445   Thumb Code    76  hostapd_wpa_driver.o(.text)
    hostapd_drv_send_mlme                    0x08052491   Thumb Code     8  hostapd_wpa_driver.o(.text)
    hostapd_drv_set_ap                       0x08052499   Thumb Code   192  hostapd_wpa_driver.o(.text)
    hostapd_drv_sta_set_flags                0x08052559   Thumb Code     4  hostapd_wpa_driver.o(.text)
    hostapd_drv_set_key                      0x0805255d   Thumb Code    42  hostapd_wpa_driver.o(.text)
    hostapd_get_seqnum                       0x08052587   Thumb Code     4  hostapd_wpa_driver.o(.text)
    hostapd_drv_set_countermeasures          0x0805258b   Thumb Code     4  hostapd_wpa_driver.o(.text)
    hostapd_drv_hapd_send_eapol              0x0805258f   Thumb Code    26  hostapd_wpa_driver.o(.text)
    hostapd_set_freq                         0x080525a9   Thumb Code    34  hostapd_wpa_driver.o(.text)
    hostapd_sta_set_flags                    0x080525cb   Thumb Code     4  hostapd_wpa_driver.o(.text)
    hostapd_drv_get_inact_sec                0x080525cf   Thumb Code     8  hostapd_wpa_driver.o(.text)
    hostapd_set_authorized                   0x080525d7   Thumb Code    14  hostapd_wpa_driver.o(.text)
    hostapd_drv_sta_flush                    0x080525e5   Thumb Code    10  hostapd_wpa_driver.o(.text)
    hostapd_drv_sta_deauth                   0x080525ef   Thumb Code    22  hostapd_wpa_driver.o(.text)
    hostapd_drv_sta_disassoc                 0x08052605   Thumb Code    22  hostapd_wpa_driver.o(.text)
    hostapd_if_add                           0x0805261b   Thumb Code     4  hostapd_wpa_driver.o(.text)
    hostapd_set_tx_queue_params              0x0805261f   Thumb Code    30  hostapd_wpa_driver.o(.text)
    dh5_init                                 0x08052665   Thumb Code    36  dh_group5.o(.text)
    dh5_derive_shared                        0x08052689   Thumb Code    34  dh_group5.o(.text)
    dh5_free                                 0x080526ab   Thumb Code     2  dh_group5.o(.text)
    eap_hdr_validate                         0x080526ad   Thumb Code   108  eap_common.o(.text)
    eap_msg_alloc                            0x08052719   Thumb Code   126  eap_common.o(.text)
    eap_update_len                           0x08052797   Thumb Code    22  eap_common.o(.text)
    eap_get_id                               0x080527ad   Thumb Code    24  eap_common.o(.text)
    eap_get_type                             0x080527c5   Thumb Code    24  eap_common.o(.text)
    eapol_set_bool                           0x080527dd   Thumb Code    16  eap.o(.text)
    eap_get_config                           0x080527ed   Thumb Code    10  eap.o(.text)
    eap_allowed_method                       0x080527f7   Thumb Code    62  eap.o(.text)
    eap_sm_request_identity                  0x08052bcf   Thumb Code     2  eap.o(.text)
    eap_sm_buildIdentity                     0x08052bd1   Thumb Code    86  eap.o(.text)
    eap_peer_sm_init                         0x08052f01   Thumb Code    54  eap.o(.text)
    eap_sm_abort                             0x08052f37   Thumb Code    44  eap.o(.text)
    eap_peer_sm_deinit                       0x08052f63   Thumb Code    30  eap.o(.text)
    eap_peer_sm_step                         0x08052f81   Thumb Code    32  eap.o(.text)
    eap_sm_get_method_name                   0x08052fa1   Thumb Code    12  eap.o(.text)
    eap_sm_request_password                  0x08052fad   Thumb Code     2  eap.o(.text)
    eap_sm_request_new_password              0x08052faf   Thumb Code     2  eap.o(.text)
    eap_sm_request_pin                       0x08052fb1   Thumb Code     2  eap.o(.text)
    eap_sm_request_otp                       0x08052fb3   Thumb Code     2  eap.o(.text)
    eap_sm_request_passphrase                0x08052fb5   Thumb Code     2  eap.o(.text)
    eap_set_fast_reauth                      0x08052fb7   Thumb Code     4  eap.o(.text)
    eap_set_workaround                       0x08052fbb   Thumb Code     6  eap.o(.text)
    eap_get_config_identity                  0x08052fc1   Thumb Code    20  eap.o(.text)
    eap_get_config_phase1                    0x08052fd5   Thumb Code    14  eap.o(.text)
    eap_get_config_phase2                    0x08052fe3   Thumb Code    14  eap.o(.text)
    eap_get_config_fragment_size             0x08052ff1   Thumb Code    18  eap.o(.text)
    eap_key_available                        0x08053003   Thumb Code    10  eap.o(.text)
    eap_notify_success                       0x0805300d   Thumb Code    14  eap.o(.text)
    eap_notify_lower_layer_success           0x0805301b   Thumb Code    58  eap.o(.text)
    eap_get_eapKeyData                       0x08053055   Thumb Code    20  eap.o(.text)
    eap_get_eapRespData                      0x08053069   Thumb Code    18  eap.o(.text)
    eap_register_scard_ctx                   0x0805307b   Thumb Code    10  eap.o(.text)
    eap_set_config_blob                      0x08053085   Thumb Code    10  eap.o(.text)
    eap_get_config_blob                      0x0805308f   Thumb Code    10  eap.o(.text)
    eap_set_force_disabled                   0x08053099   Thumb Code     6  eap.o(.text)
    eap_notify_pending                       0x0805309f   Thumb Code    10  eap.o(.text)
    eap_invalidate_cached_session            0x080530a9   Thumb Code    12  eap.o(.text)
    eap_is_wps_pbc_enrollee                  0x080530b5   Thumb Code    42  eap.o(.text)
    eap_is_wps_pin_enrollee                  0x080530df   Thumb Code    42  eap.o(.text)
    eap_peer_get_eap_method                  0x080534e1   Thumb Code    28  eap_methods.o(.text)
    eap_peer_get_type                        0x080534fd   Thumb Code    42  eap_methods.o(.text)
    eap_peer_get_methods                     0x08053527   Thumb Code    24  eap_methods.o(.text)
    eap_peer_method_alloc                    0x0805353f   Thumb Code    48  eap_methods.o(.text)
    eap_peer_method_free                     0x0805356f   Thumb Code     4  eap_methods.o(.text)
    eap_peer_method_register                 0x08053573   Thumb Code    84  eap_methods.o(.text)
    eap_peer_unregister_methods              0x080535c7   Thumb Code    30  eap_methods.o(.text)
    wps_build_public_key                     0x080535e9   Thumb Code   172  wps_attr_build.o(.text)
    wps_build_req_type                       0x08053695   Thumb Code    36  wps_attr_build.o(.text)
    wps_build_resp_type                      0x080536b9   Thumb Code    36  wps_attr_build.o(.text)
    wps_build_config_methods                 0x080536dd   Thumb Code    34  wps_attr_build.o(.text)
    wps_build_uuid_e                         0x080536ff   Thumb Code    36  wps_attr_build.o(.text)
    wps_build_dev_password_id                0x08053723   Thumb Code    34  wps_attr_build.o(.text)
    wps_build_config_error                   0x08053745   Thumb Code    34  wps_attr_build.o(.text)
    wps_build_authenticator                  0x08053767   Thumb Code   102  wps_attr_build.o(.text)
    wps_build_version                        0x080537cd   Thumb Code    36  wps_attr_build.o(.text)
    wps_build_wfa_ext                        0x080537f1   Thumb Code     4  wps_attr_build.o(.text)
    wps_build_msg_type                       0x080537f5   Thumb Code    36  wps_attr_build.o(.text)
    wps_build_enrollee_nonce                 0x08053819   Thumb Code    40  wps_attr_build.o(.text)
    wps_build_registrar_nonce                0x08053841   Thumb Code    40  wps_attr_build.o(.text)
    wps_build_auth_type_flags                0x08053869   Thumb Code    36  wps_attr_build.o(.text)
    wps_build_encr_type_flags                0x0805388d   Thumb Code    36  wps_attr_build.o(.text)
    wps_build_conn_type_flags                0x080538b1   Thumb Code    38  wps_attr_build.o(.text)
    wps_build_assoc_state                    0x080538d7   Thumb Code    34  wps_attr_build.o(.text)
    wps_build_key_wrap_auth                  0x080538f9   Thumb Code    68  wps_attr_build.o(.text)
    wps_build_encr_settings                  0x0805393d   Thumb Code   124  wps_attr_build.o(.text)
    wps_ie_encapsulate                       0x080539b9   Thumb Code   124  wps_attr_build.o(.text)
    wps_parse_msg                            0x08053d83   Thumb Code   140  wps_attr_parse.o(.text)
    wps_build_manufacturer                   0x08053e6d   Thumb Code    76  wps_dev_attr.o(.text)
    wps_build_model_name                     0x08053eb9   Thumb Code    76  wps_dev_attr.o(.text)
    wps_build_model_number                   0x08053f05   Thumb Code    76  wps_dev_attr.o(.text)
    wps_build_primary_dev_type               0x08053f51   Thumb Code    40  wps_dev_attr.o(.text)
    wps_build_secondary_dev_type             0x08053f79   Thumb Code    56  wps_dev_attr.o(.text)
    wps_build_req_dev_type                   0x08053fb1   Thumb Code    58  wps_dev_attr.o(.text)
    wps_build_dev_name                       0x08053feb   Thumb Code    76  wps_dev_attr.o(.text)
    wps_build_device_attrs                   0x08054037   Thumb Code   134  wps_dev_attr.o(.text)
    wps_build_os_version                     0x080540bd   Thumb Code    56  wps_dev_attr.o(.text)
    wps_build_rf_bands                       0x080540f5   Thumb Code    38  wps_dev_attr.o(.text)
    wps_build_vendor_ext                     0x0805411b   Thumb Code    70  wps_dev_attr.o(.text)
    wps_process_device_attrs                 0x08054161   Thumb Code   236  wps_dev_attr.o(.text)
    wps_process_os_version                   0x0805424d   Thumb Code    26  wps_dev_attr.o(.text)
    wps_process_rf_bands                     0x08054267   Thumb Code    18  wps_dev_attr.o(.text)
    wps_device_data_dup                      0x08054279   Thumb Code    78  wps_dev_attr.o(.text)
    wps_device_data_free                     0x080542c7   Thumb Code    48  wps_dev_attr.o(.text)
    wps_enrollee_get_msg                     0x0805463d   Thumb Code   164  wps_enrollee.o(.text)
    wps_enrollee_process_msg                 0x08054ad7   Thumb Code   102  wps_enrollee.o(.text)
    fftr2_dit_new                            0x080550bd   Thumb Code   180  tls_rf_fft.o(.text)
    ReverseBits                              0x08055171   Thumb Code    34  tls_rf_fft.o(.text)
    NumberOfBitsNeeded                       0x08055193   Thumb Code    20  tls_rf_fft.o(.text)
    bit_rev                                  0x080551a7   Thumb Code    86  tls_rf_fft.o(.text)
    fft                                      0x080551fd   Thumb Code    20  tls_rf_fft.o(.text)
    aes_wrap                                 0x0805521d   Thumb Code   164  aes_wrap.o(.text)
    crypto_mod_exp                           0x080552c1   Thumb Code   148  dh_groups.o(.text)
    dh_groups_get                            0x08055355   Thumb Code    34  dh_groups.o(.text)
    dh_init                                  0x08055377   Thumb Code   170  dh_groups.o(.text)
    dh_derive_shared                         0x08055421   Thumb Code   126  dh_groups.o(.text)
    wps_process_authenticator                0x080554b1   Thumb Code    94  wps_attr_process.o(.text)
    wps_process_key_wrap_auth                0x0805550f   Thumb Code    68  wps_attr_process.o(.text)
    wps_process_cred                         0x08055553   Thumb Code    98  wps_attr_process.o(.text)
    wps_process_ap_settings                  0x080555b5   Thumb Code    98  wps_attr_process.o(.text)
    bignum_init                              0x080556e7   Thumb Code    34  bignum.o(.text)
    bignum_deinit                            0x08055709   Thumb Code    22  bignum.o(.text)
    bignum_get_unsigned_bin                  0x0805571f   Thumb Code    56  bignum.o(.text)
    bignum_set_unsigned_bin                  0x08055757   Thumb Code    16  bignum.o(.text)
    bignum_exptmod                           0x08055767   Thumb Code    16  bignum.o(.text)
    __aeabi_uldivmod                         0x08055777   Thumb Code    98  uldiv.o(.text)
    __aeabi_ldivmod                          0x080557d9   Thumb Code    98  ldiv.o(.text)
    __rt_ctype_table                         0x0805583d   Thumb Code     4  ctype_o.o(.text)
    isspace                                  0x08055845   Thumb Code    18  isspace_o.o(.text)
    toupper                                  0x08055857   Thumb Code    12  toupper.o(.text)
    tolower                                  0x08055863   Thumb Code    12  tolower.o(.text)
    rand                                     0x08055871   Thumb Code    20  rand.o(.text)
    srand                                    0x08055885   Thumb Code     6  rand.o(.text)
    ____aeabi_memcpy8$ret$move               0x08055895   Thumb Code     0  memmove.o(.text)
    ___aeabi_memmove4$ret                    0x08055895   Thumb Code     0  memmove.o(.text)
    ___aeabi_memmove8$ret                    0x08055895   Thumb Code     0  memmove.o(.text)
    __aeabi_memcpy                           0x08055895   Thumb Code    66  memmove.o(.text)
    __aeabi_memcpy4                          0x08055895   Thumb Code     0  memmove.o(.text)
    __aeabi_memmove                          0x08055895   Thumb Code     0  memmove.o(.text)
    memcpy                                   0x08055895   Thumb Code     0  memmove.o(.text)
    memmove                                  0x08055895   Thumb Code     0  memmove.o(.text)
    __aeabi_memset                           0x080558d7   Thumb Code    14  memseta.o(.text)
    __aeabi_memset4                          0x080558d7   Thumb Code     0  memseta.o(.text)
    __aeabi_memset8                          0x080558d7   Thumb Code     0  memseta.o(.text)
    __aeabi_memclr                           0x080558e5   Thumb Code     4  memseta.o(.text)
    __aeabi_memclr4                          0x080558e5   Thumb Code     0  memseta.o(.text)
    __aeabi_memclr8                          0x080558e5   Thumb Code     0  memseta.o(.text)
    memset                                   0x080558e9   Thumb Code    18  memseta.o(.text)
    strcat                                   0x080558fb   Thumb Code    24  strcat.o(.text)
    strstr                                   0x08055913   Thumb Code    36  strstr.o(.text)
    strncpy                                  0x08055937   Thumb Code    24  strncpy.o(.text)
    strchr                                   0x0805594f   Thumb Code    20  strchr.o(.text)
    strlen                                   0x08055963   Thumb Code    14  strlen.o(.text)
    strcmp                                   0x08055971   Thumb Code    28  strcmp.o(.text)
    memchr                                   0x0805598d   Thumb Code    20  memchr.o(.text)
    memcmp                                   0x080559a1   Thumb Code    26  memcmp.o(.text)
    strcpy                                   0x080559bb   Thumb Code    18  strcpy.o(.text)
    strncmp                                  0x080559cd   Thumb Code    30  strncmp.o(.text)
    __0sscanf                                0x080559ed   Thumb Code    48  __0sscanf.o(.text)
    _scanf_int                               0x08055a25   Thumb Code   332  _scanf_int.o(.text)
    _scanf_string                            0x08055b71   Thumb Code   224  _scanf_str.o(.text)
    atoi                                     0x08055c51   Thumb Code    26  atoi.o(.text)
    atol                                     0x08055c6b   Thumb Code    26  atol.o(.text)
    __aeabi_dadd                             0x08055c85   Thumb Code   322  dadd.o(.text)
    __aeabi_dsub                             0x08055dc7   Thumb Code     6  dadd.o(.text)
    __aeabi_drsub                            0x08055dcd   Thumb Code     6  dadd.o(.text)
    __aeabi_dmul                             0x08055dd3   Thumb Code   228  dmul.o(.text)
    __aeabi_ddiv                             0x08055eb7   Thumb Code   222  ddiv.o(.text)
    __ARM_scalbn                             0x08055f95   Thumb Code    46  dscalb.o(.text)
    scalbn                                   0x08055f95   Thumb Code     0  dscalb.o(.text)
    __aeabi_ui2f                             0x08055fc3   Thumb Code    10  ffltui.o(.text)
    __aeabi_i2d                              0x08055fcd   Thumb Code    34  dflti.o(.text)
    __aeabi_ui2d                             0x08055fef   Thumb Code    26  dfltui.o(.text)
    __aeabi_d2iz                             0x08056009   Thumb Code    62  dfixi.o(.text)
    __aeabi_f2d                              0x08056047   Thumb Code    38  f2d.o(.text)
    __aeabi_cdrcmple                         0x0805606d   Thumb Code    48  cdrcmple.o(.text)
    __aeabi_cfcmpeq                          0x0805609d   Thumb Code     0  cfcmple.o(.text)
    __aeabi_cfcmple                          0x0805609d   Thumb Code    20  cfcmple.o(.text)
    __aeabi_uidiv                            0x080560b1   Thumb Code     0  uidiv.o(.text)
    __aeabi_uidivmod                         0x080560b1   Thumb Code    44  uidiv.o(.text)
    __aeabi_llsl                             0x080560dd   Thumb Code    30  llshl.o(.text)
    _ll_shift_l                              0x080560dd   Thumb Code     0  llshl.o(.text)
    __aeabi_llsr                             0x080560fb   Thumb Code    32  llushr.o(.text)
    _ll_ushift_r                             0x080560fb   Thumb Code     0  llushr.o(.text)
    __aeabi_lasr                             0x0805611b   Thumb Code    36  llsshr.o(.text)
    _ll_sshift_r                             0x0805611b   Thumb Code     0  llsshr.o(.text)
    _chval                                   0x0805613f   Thumb Code    28  _chval.o(.text)
    __vfscanf_char                           0x08056169   Thumb Code    20  scanf_char.o(.text)
    _sgetc                                   0x08056185   Thumb Code    30  _sgetc.o(.text)
    _sbackspace                              0x080561a3   Thumb Code    34  _sgetc.o(.text)
    strtol                                   0x080561c5   Thumb Code   112  strtol.o(.text)
    __I$use$fp                               0x08056235   Thumb Code     0  iusefp.o(.text)
    _float_round                             0x08056235   Thumb Code    18  fepilogue.o(.text)
    _float_epilogue                          0x08056247   Thumb Code    92  fepilogue.o(.text)
    _double_round                            0x080562a3   Thumb Code    30  depilogue.o(.text)
    _double_epilogue                         0x080562c1   Thumb Code   156  depilogue.o(.text)
    __aeabi_d2ulz                            0x0805635d   Thumb Code    48  dfixul.o(.text)
    __scatterload                            0x0805638d   Thumb Code    28  init.o(.text)
    __scatterload_rt2                        0x0805638d   Thumb Code     0  init.o(.text)
    __vfscanf                                0x080563b1   Thumb Code   808  _scanf.o(.text)
    _strtoul                                 0x080566dd   Thumb Code   158  _strtoul.o(.text)
    __decompress                             0x0805677b   Thumb Code     0  __dczerorl2.o(.text)
    __decompress1                            0x0805677b   Thumb Code    86  __dczerorl2.o(.text)
    __0printf                                0x080567d1   Thumb Code    22  printfa.o(i.__0printf)
    __1printf                                0x080567d1   Thumb Code     0  printfa.o(i.__0printf)
    __2printf                                0x080567d1   Thumb Code     0  printfa.o(i.__0printf)
    __c89printf                              0x080567d1   Thumb Code     0  printfa.o(i.__0printf)
    printf                                   0x080567d1   Thumb Code     0  printfa.o(i.__0printf)
    __0sprintf                               0x080567f1   Thumb Code    34  printfa.o(i.__0sprintf)
    __1sprintf                               0x080567f1   Thumb Code     0  printfa.o(i.__0sprintf)
    __2sprintf                               0x080567f1   Thumb Code     0  printfa.o(i.__0sprintf)
    __c89sprintf                             0x080567f1   Thumb Code     0  printfa.o(i.__0sprintf)
    sprintf                                  0x080567f1   Thumb Code     0  printfa.o(i.__0sprintf)
    __0vsnprintf                             0x08056819   Thumb Code    40  printfa.o(i.__0vsnprintf)
    __1vsnprintf                             0x08056819   Thumb Code     0  printfa.o(i.__0vsnprintf)
    __2vsnprintf                             0x08056819   Thumb Code     0  printfa.o(i.__0vsnprintf)
    __c89vsnprintf                           0x08056819   Thumb Code     0  printfa.o(i.__0vsnprintf)
    vsnprintf                                0x08056819   Thumb Code     0  printfa.o(i.__0vsnprintf)
    __aeabi_errno_addr                       0x08056845   Thumb Code     4  errno.o(i.__aeabi_errno_addr)
    __rt_errno_addr                          0x08056845   Thumb Code     0  errno.o(i.__aeabi_errno_addr)
    __scatterload_copy                       0x0805684d   Thumb Code    14  handlers.o(i.__scatterload_copy)
    __scatterload_null                       0x0805685b   Thumb Code     2  handlers.o(i.__scatterload_null)
    __scatterload_zeroinit                   0x0805685d   Thumb Code    14  handlers.o(i.__scatterload_zeroinit)
    free                                     0x08057141   Thumb Code    76  malloc.o(i.free)
    malloc                                   0x08057191   Thumb Code    92  malloc.o(i.malloc)
    SysCreatedDate                           0x08057210   Data          12  wm_cmd.o(.constdata)
    SysCreatedTime                           0x0805721c   Data           9  wm_cmd.o(.constdata)
    memp_RAW_PCB                             0x0805723a   Data           2  lwip2.0.3.o(.constdata)
    memp_UDP_PCB                             0x0805723c   Data           2  lwip2.0.3.o(.constdata)
    memp_TCP_PCB                             0x0805723e   Data           2  lwip2.0.3.o(.constdata)
    memp_TCP_PCB_LISTEN                      0x08057240   Data           2  lwip2.0.3.o(.constdata)
    memp_TCP_SEG                             0x08057242   Data           2  lwip2.0.3.o(.constdata)
    memp_REASSDATA                           0x08057244   Data           2  lwip2.0.3.o(.constdata)
    memp_FRAG_PBUF                           0x08057246   Data           2  lwip2.0.3.o(.constdata)
    memp_NETBUF                              0x08057248   Data           2  lwip2.0.3.o(.constdata)
    memp_NETCONN                             0x0805724a   Data           2  lwip2.0.3.o(.constdata)
    memp_TCPIP_MSG_API                       0x0805724c   Data           2  lwip2.0.3.o(.constdata)
    memp_TCPIP_MSG_INPKT                     0x0805724e   Data           2  lwip2.0.3.o(.constdata)
    memp_IGMP_GROUP                          0x08057250   Data           2  lwip2.0.3.o(.constdata)
    memp_SYS_TIMEOUT                         0x08057252   Data           2  lwip2.0.3.o(.constdata)
    memp_NETDB                               0x08057254   Data           2  lwip2.0.3.o(.constdata)
    memp_PBUF                                0x08057256   Data           2  lwip2.0.3.o(.constdata)
    memp_PBUF_POOL                           0x08057258   Data           2  lwip2.0.3.o(.constdata)
    ip_addr_any                              0x0805725c   Data           4  lwip2.0.3.o(.constdata)
    ip_addr_broadcast                        0x08057260   Data           4  lwip2.0.3.o(.constdata)
    ethbroadcast                             0x08057264   Data           6  lwip2.0.3.o(.constdata)
    ethzero                                  0x0805726a   Data           6  lwip2.0.3.o(.constdata)
    memp_pools                               0x08057280   Data          64  lwip2.0.3.o(.constdata)
    tcp_pcb_lists                            0x080572fc   Data          16  lwip2.0.3.o(.constdata)
    lwip_cyclic_timers                       0x0805730c   Data          56  lwip2.0.3.o(.constdata)
    FirmWareVer                              0x08057398   Data           4  wm_main.o(.constdata)
    HwVer                                    0x0805739c   Data           6  wm_main.o(.constdata)
    baud_rates                               0x080573a4   Data          68  wm_driver.o(.constdata)
    hed_rf_txgainmap                         0x080582a8   Data          37  tls_wl_rf.o(.constdata)
    central_freq                             0x080582d0   Data         120  tls_wl_rf.o(.constdata)
    bbp_value                                0x08058460   Data          80  tls_wl_phy.o(.constdata)
    __ctype_table                            0x08058d77   Data         129  ctype_o.o(.constdata)
    Region$$Table$$Base                      0x08059310   Number         0  anon$$obj.o(Region$$Table)
    Region$$Table$$Limit                     0x08059330   Number         0  anon$$obj.o(Region$$Table)
    time_init                                0x20000013   Data           7  wm_exrtc.o(.data)
    sysTime                                  0x2000001a   Data           7  wm_exrtc.o(.data)
    ReadTime                                 0x20000021   Data           7  wm_exrtc.o(.data)
    UDPAckLen                                0x20000038   Data           1  wm_datahandle.o(.data)
    guconeshotflag                           0x2000003c   Data           1  wm_wifi_oneshot.o(.data)
    gucssidokflag                            0x2000003d   Data           1  wm_wifi_oneshot.o(.data)
    gucbssidokflag                           0x2000003e   Data           1  wm_wifi_oneshot.o(.data)
    gucpwdokflag                             0x2000003f   Data           1  wm_wifi_oneshot.o(.data)
    guchandshakeflag                         0x20000042   Data           1  wm_wifi_oneshot.o(.data)
    oneshottime                              0x20000058   Data           4  wm_wifi_oneshot.o(.data)
    oneshot_msg_q                            0x20000060   Data           4  wm_wifi_oneshot.o(.data)
    first_start_oneshot_flag                 0x20000068   Data           4  wm_wifi_oneshot.o(.data)
    is_airkiss                               0x200000bc   Data           1  wm_oneshot_airkiss.o(.data)
    airkiss_chan_cnt                         0x200000c0   Data           4  wm_oneshot_airkiss.o(.data)
    gfwupdatemode                            0x200000cc   Data           1  wm_cmd.o(.data)
    default_socket                           0x200000cd   Data           1  wm_cmd.o(.data)
    pSession_flag                            0x200000ce   Data           1  wm_cmd.o(.data)
    gulCalFlag                               0x200000cf   Data           1  wm_cmd.o(.data)
    RSTTIMER                                 0x200000d8   Data           4  wm_cmd.o(.data)
    set_uart0_mode_callback                  0x200000e4   Data           4  wm_cmd.o(.data)
    get_uart1_port_callback                  0x200000e8   Data           4  wm_cmd.o(.data)
    set_uart1_mode_callback                  0x200000ec   Data           4  wm_cmd.o(.data)
    set_uart1_sock_param_callback            0x200000f0   Data           4  wm_cmd.o(.data)
    g_hspi                                   0x200000f4   Data           8  wm_cmd.o(.data)
    wl_task_param_hostif                     0x200000fc   Data          20  wm_cmd.o(.data)
    os_cnter                                 0x200007c0   Data           4  wm_rtos.o(.data)
    pxCurrentTCB                             0x200007c4   Data           4  wm_rtos.o(.data)
    pxCurrentCoRoutine                       0x2000080c   Data           4  wm_rtos.o(.data)
    pbuf_free_ooseq_pending                  0x20000863   Data           1  lwip2.0.3.o(.data)
    tcp_active_pcbs_changed                  0x20000864   Data           1  lwip2.0.3.o(.data)
    lwip_task_priopity_stack                 0x2000086b   Data           1  lwip2.0.3.o(.data)
    netconn_aborted                          0x2000086c   Data           1  lwip2.0.3.o(.data)
    current_src_ip                           0x20000888   Data           4  lwip2.0.3.o(.data)
    sndbuf_len                               0x2000088c   Data           4  lwip2.0.3.o(.data)
    netif_list                               0x200008b0   Data           4  lwip2.0.3.o(.data)
    netif_default                            0x200008b4   Data           4  lwip2.0.3.o(.data)
    tcp_ticks                                0x200008bc   Data           4  lwip2.0.3.o(.data)
    tcp_bound_pcbs                           0x200008c0   Data           4  lwip2.0.3.o(.data)
    tcp_listen_pcbs                          0x200008c4   Data           4  lwip2.0.3.o(.data)
    tcp_active_pcbs                          0x200008c8   Data           4  lwip2.0.3.o(.data)
    tcp_tw_pcbs                              0x200008cc   Data           4  lwip2.0.3.o(.data)
    tcp_input_pcb                            0x200008e4   Data           4  lwip2.0.3.o(.data)
    udp_pcbs                                 0x200008e8   Data           4  lwip2.0.3.o(.data)
    h_errno                                  0x20000914   Data           4  lwip2.0.3.o(.data)
    __stdout                                 0x20000948   Data           4  retarget.o(.data)
    libc_sem                                 0x2000094c   Data           4  wm_main.o(.data)
    TaskStartStk                             0x20000950   Data           4  wm_main.o(.data)
    tst_flag                                 0x20000959   Data           1  wm_driver.o(.data)
    intr_counter                             0x2000095a   Data           1  wm_driver.o(.data)
    crypto_complete                          0x200009f1   Data           1  wm_common.o(.data)
    updp_mode                                0x200009f2   Data           1  wm_common.o(.data)
    ap_iface                                 0x20000a3c   Data           4  ap.o(.data)
    wpa_s                                    0x20000a54   Data           4  wpa_supplicant.o(.data)
    supplicant_event_ops                     0x20000a60   Data          60  wpa_supplicant.o(.data)
    pfunstandby                              0x20000a9c   Data           4  tls_wl_core.o(.data)
    wif                                      0x20000aa0   Data           4  tls_wl_core.o(.data)
    wl_region                                0x20000aa4   Data          24  tls_wl_hw.o(.data)
    band_2GHz                                0x20000abc   Data          44  tls_wl_hw.o(.data)
    sleepmode                                0x20000bf0   Data           1  tls_wl_if.o(.data)
    hed_rf_current_channel                   0x20000c08   Data           4  tls_wl_rf.o(.data)
    rf_set_chan_common_data_20m              0x20000c0c   Data         120  tls_wl_rf.o(.data)
    oneppm                                   0x20000c84   Data          15  tls_wl_rf.o(.data)
    rf_chan24g_20m                           0x20000c94   Data         120  tls_wl_rf.o(.data)
    cos_1M                                   0x20000d0c   Data         156  tls_wl_rf.o(.data)
    cos_2M                                   0x20000da8   Data          80  tls_wl_rf.o(.data)
    cos_5M                                   0x20000df8   Data          32  tls_wl_rf.o(.data)
    cos_10M                                  0x20000e18   Data          16  tls_wl_rf.o(.data)
    litept_tx_flag                           0x20000e28   Data           4  tls_wl_tx.o(.data)
    rfc1042_header                           0x20000e2c   Data           6  tls_wl_tx.o(.data)
    bridge_tunnel_header                     0x20000e32   Data           6  tls_wl_tx.o(.data)
    g_wifi_data_recv_callback                0x20000e38   Data           4  wm_wifi_api.o(.data)
    g_wifi_data_ext_recv_callback            0x20000e3c   Data           4  wm_wifi_api.o(.data)
    g_ltpt_testmode                          0x20000e5c   Data           4  litepoint.o(.data)
    g_ltpt_rxinfo                            0x20000e64   Data           4  litepoint.o(.data)
    g_ltpt_txinfo                            0x20000e68   Data           4  litepoint.o(.data)
    rateArray                                0x20000e6c   Data         116  litepoint.o(.data)
    g_eap_wsc_data                           0x20000ee0   Data           4  eap_wsc.o(.data)
    f_bss                                    0x20000f10   Data           4  tls_wl_bss.o(.data)
    angel                                    0x20001140   Data        2404  tls_rf_tx_iq.o(.data)
    _set_chan_common_iqmismatch_20mrf        0x20001aa4   Data          88  tls_rf_tx_iq.o(.data)
    sample_num                               0x20001afc   Data           4  tx_lo_cal.o(.data)
    tx_rx                                    0x20001b00   Data           4  tx_lo_cal.o(.data)
    _set_chan_common_data_20mrf              0x20001b04   Data          88  tx_lo_cal.o(.data)
    sin16                                    0x20001b5c   Data          64  tx_lo_cal.o(.data)
    cos16                                    0x20001b9c   Data          64  tx_lo_cal.o(.data)
    cos132                                   0x20001bdc   Data          64  tx_lo_cal.o(.data)
    sin132                                   0x20001c1c   Data          64  tx_lo_cal.o(.data)
    FFT_Data                                 0x20001c60   Data           4  tls_rf_fft.o(.data)
    tempRev                                  0x20001c64   Data           4  tls_rf_fft.o(.data)
    __microlib_freelist                      0x20001c84   Data           4  mvars.o(.data)
    __microlib_freelist_initialised          0x20001c88   Data           4  mvars.o(.data)
    dispram                                  0x20005c8c   Data          32  wm_lcd.o(.bss)
    user_uart                                0x20005cac   Data          12  wm_uart1.o(.bss)
    UDPAck                                   0x20006d80   Data          54  wm_datahandle.o(.bss)
    meterprotocol                            0x20006db8   Data          24  wm_meter.o(.bss)
    calib_para                               0x20006dd0   Data          28  wm_meter.o(.bss)
    socket_cfg                               0x20007a30   Data          48  wm_cmd.o(.bss)
    g_hostif                                 0x20007a60   Data          44  wm_cmd.o(.bss)
    sockrecvmit                              0x20007a8c   Data          80  wm_cmd.o(.bss)
    skt_desc_def                             0x20007adc   Data          80  wm_cmd.o(.bss)
    skt_desc                                 0x20007b2c   Data          80  wm_cmd.o(.bss)
    uart_st                                  0x20007b7c   Data          96  wm_cmd.o(.bss)
    ricmd_buffer                             0x20007bdc   Data         208  wm_cmd.o(.bss)
    hostif_stk                               0x20007cac   Data        2000  wm_cmd.o(.bss)
    conn_op_completed                        0x2000ba94   Data          80  lwip2.0.3.o(.bss)
    p_net_conn                               0x2000bc0c   Data          80  lwip2.0.3.o(.bss)
    lwip_stats                               0x2000c0dc   Data         214  lwip2.0.3.o(.bss)
    ip_data                                  0x2000c1c4   Data          24  lwip2.0.3.o(.bss)
    dhcp_rx_options_val                      0x2000c1f0   Data          40  lwip2.0.3.o(.bss)
    dhcp_rx_options_given                    0x2000c218   Data          10  lwip2.0.3.o(.bss)
    lwip_task_stk                            0x2000c314   Data        2048  lwip2.0.3.o(.bss)
    socket_ipv4_multicast_memberships        0x2000cb20   Data          96  lwip2.0.3.o(.bss)
    uart_port                                0x2000d348   Data         420  wm_driver.o(.bss)
    intr_handler_vect                        0x2000d6ec   Data         164  wm_driver.o(.bss)
    g_slave_hspi                             0x2000d7a4   Data          24  wm_driver.o(.bss)
    gst_adc                                  0x2000d85c   Data          20  wm_driver.o(.bss)
    sc_io                                    0x2000d8a4   Data          20  wm_driver.o(.bss)
    imgheader                                0x2000d8b8   Data         112  wm_common.o(.bss)
    wl_msg                                   0x2000d948   Data         160  wm_common.o(.bss)
    next_timeout                             0x2000d9e8   Data          36  wm_common.o(.bss)
    user_default_param                       0x2000dfa0   Data         704  wm_common.o(.bss)
    supplicant_task_stk                      0x2000eb3c   Data        8192  wpa_supplicant.o(.bss)
    supplicant_timer_task_stk                0x20010b3c   Data         512  wpa_supplicant.o(.bss)
    tx_gain_group                            0x20010d3c   Data          29  tls_wl_core.o(.bss)
    scan_task_stk                            0x20010d5c   Data         800  tls_wl_core.o(.bss)
    mlme_task_stk                            0x2001107c   Data        1200  tls_wl_core.o(.bss)
    rx_task_stk                              0x2001152c   Data        1600  tls_wl_core.o(.bss)
    bss_mgmt_task_stk                        0x20011b6c   Data         512  tls_wl_core.o(.bss)
    g_wl_txbuf                               0x20011d6c   Data         756  tls_wl_tx.o(.bss)
    g_wl_mgmt_txbuf                          0x20012060   Data         216  tls_wl_tx.o(.bss)
    g_wl_rxbuf                               0x200125c0   Data         504  tls_wl_rx.o(.bss)
    gauiqpwr                                 0x200127e0   Data        2048  tls_rf_tx_iq.o(.bss)
    gauleakagepwrI                           0x20012fe0   Data         512  tx_lo_cal.o(.bss)
    gauleakagepwrq                           0x200131e0   Data         512  tx_lo_cal.o(.bss)
    __heap_base                              0x20013408   Data           0  startup_venus.o(HEAP)
    __heap_limit                             0x20023408   Data           0  startup_venus.o(HEAP)
    __initial_sp                             0x20023808   Data           0  startup_venus.o(STACK)



==============================================================================

Memory Map of the image

  Image Entry point : 0x0800e0ed

  Load Region LR_IROM1 (Base: 0x0800e000, Size: 0x0004cfbc, Max: 0x00080000, ABSOLUTE, COMPRESSED[0x0004c174])

    Execution Region ER_IROM1 (Exec base: 0x0800e000, Load base: 0x0800e000, Size: 0x0004b330, Max: 0x00080000, ABSOLUTE)

    Exec Addr    Load Addr    Size         Type   Attr      Idx    E Section Name        Object

    0x0800e000   0x0800e000   0x000000ec   Data   RO         1485    RESET               startup_venus.o
    0x0800e0ec   0x0800e0ec   0x00000000   Code   RO         7687  * .ARM.Collect$$$$00000000  mc_w.l(entry.o)
    0x0800e0ec   0x0800e0ec   0x00000004   Code   RO         8164    .ARM.Collect$$$$00000001  mc_w.l(entry2.o)
    0x0800e0f0   0x0800e0f0   0x00000004   Code   RO         8167    .ARM.Collect$$$$00000004  mc_w.l(entry5.o)
    0x0800e0f4   0x0800e0f4   0x00000000   Code   RO         8169    .ARM.Collect$$$$00000008  mc_w.l(entry7b.o)
    0x0800e0f4   0x0800e0f4   0x00000000   Code   RO         8171    .ARM.Collect$$$$0000000A  mc_w.l(entry8b.o)
    0x0800e0f4   0x0800e0f4   0x00000008   Code   RO         8172    .ARM.Collect$$$$0000000B  mc_w.l(entry9a.o)
    0x0800e0fc   0x0800e0fc   0x00000000   Code   RO         8174    .ARM.Collect$$$$0000000D  mc_w.l(entry10a.o)
    0x0800e0fc   0x0800e0fc   0x00000000   Code   RO         8176    .ARM.Collect$$$$0000000F  mc_w.l(entry11a.o)
    0x0800e0fc   0x0800e0fc   0x00000004   Code   RO         8165    .ARM.Collect$$$$00002712  mc_w.l(entry2.o)
    0x0800e100   0x0800e100   0x00000082   Code   RO         1006    .emb_text           wm_rtos.o
    0x0800e182   0x0800e182   0x00000002   PAD
    0x0800e184   0x0800e184   0x00000064   Code   RO            3    .text               main.o
    0x0800e1e8   0x0800e1e8   0x000000b8   Code   RO          144    .text               wm_console_task.o
    0x0800e2a0   0x0800e2a0   0x0000002c   Code   RO          228    .text               wm_relay.o
    0x0800e2cc   0x0800e2cc   0x00001c20   Code   RO          252    .text               wm_lcd.o
    0x0800feec   0x0800feec   0x0000063c   Code   RO          282    .text               wm_exrtc.o
    0x08010528   0x08010528   0x000001e4   Code   RO          321    .text               wm_e2prom.o
    0x0801070c   0x0801070c   0x0000003c   Code   RO          348    .text               wm_led.o
    0x08010748   0x08010748   0x00000248   Code   RO          373    .text               wm_uart1.o
    0x08010990   0x08010990   0x00000508   Code   RO          400    .text               wm_wifi.o
    0x08010e98   0x08010e98   0x000006f0   Code   RO          431    .text               wm_datahandle.o
    0x08011588   0x08011588   0x000004ec   Code   RO          465    .text               wm_meter.o
    0x08011a74   0x08011a74   0x000008a8   Code   RO          498    .text               dhcp_server.o
    0x0801231c   0x0801231c   0x0000031c   Code   RO          684    .text               dns_server.o
    0x08012638   0x08012638   0x00001660   Code   RO          710    .text               wm_wifi_oneshot.o
    0x08013c98   0x08013c98   0x00000394   Code   RO          763    .text               wm_oneshot_airkiss.o
    0x0801402c   0x0801402c   0x00006dac   Code   RO          827    .text               wm_cmd.o
    0x0801add8   0x0801add8   0x00001b28   Code   RO         1007    .text               wm_rtos.o
    0x0801c900   0x0801c900   0x0000bccc   Code   RO         1089    .text               lwip2.0.3.o
    0x080285cc   0x080285cc   0x00000028   Code   RO         1486    .text               startup_venus.o
    0x080285f4   0x080285f4   0x00000044   Code   RO         1492    .text               retarget.o
    0x08028638   0x08028638   0x000000cc   Code   RO         1537    .text               misc.o
    0x08028704   0x08028704   0x0000014c   Code   RO         1564    .text               wm_main.o
    0x08028850   0x08028850   0x0000037c   Code   RO         1703    .text               tls_sys.o
    0x08028bcc   0x08028bcc   0x00005564   Code   RO         1737    .text               wm_driver.o
    0x0802e130   0x0802e130   0x000058b4   Code   RO         1966    .text               wm_common.o
    0x080339e4   0x080339e4   0x00001a00   Code   RO         2994    .text               wm_http_compile.o
    0x080353e4   0x080353e4   0x00000564   Code   RO         3086    .text               ping.o
    0x08035948   0x08035948   0x00000230   Code   RO         4231    .text               wm_http_fwup.o
    0x08035b78   0x08035b78   0x00000168   Code   RO         4266    .text               wm_socket_fwup.o
    0x08035ce0   0x08035ce0   0x000009c0   Code   RO         4287    .text               libairkiss_log.lib(airkiss_log.o)
    0x080366a0   0x080366a0   0x00000258   Code   RO         4290    .text               libairkiss_log.lib(airlink.o)
    0x080368f8   0x080368f8   0x00000838   Code   RO         4319    .text               wlan.lib(ap.o)
    0x08037130   0x08037130   0x0000151e   Code   RO         4461    .text               wlan.lib(libtommath.o)
    0x0803864e   0x0803864e   0x00000002   PAD
    0x08038650   0x08038650   0x000008c0   Code   RO         4499    .text               wlan.lib(md5.o)
    0x08038f10   0x08038f10   0x00000180   Code   RO         4569    .text               wlan.lib(random.o)
    0x08039090   0x08039090   0x00000180   Code   RO         4607    .text               wlan.lib(sha1.o)
    0x08039210   0x08039210   0x00000fd4   Code   RO         4629    .text               wlan.lib(sha1_internal.o)
    0x0803a1e4   0x0803a1e4   0x00000488   Code   RO         4672    .text               wlan.lib(sha256.o)
    0x0803a66c   0x0803a66c   0x00001824   Code   RO         4690    .text               wlan.lib(wpa_supplicant.o)
    0x0803be90   0x0803be90   0x000006d4   Code   RO         4830    .text               wlan.lib(tls_wl_core.o)
    0x0803c564   0x0803c564   0x00000c70   Code   RO         4896    .text               wlan.lib(tls_wl_hw.o)
    0x0803d1d4   0x0803d1d4   0x00000ab0   Code   RO         4944    .text               wlan.lib(tls_wl_if.o)
    0x0803dc84   0x0803dc84   0x0000075c   Code   RO         4980    .text               wlan.lib(tls_wl_rf.o)
    0x0803e3e0   0x0803e3e0   0x0000123c   Code   RO         5013    .text               wlan.lib(tls_wl_tx.o)
    0x0803f61c   0x0803f61c   0x000012e8   Code   RO         5081    .text               wlan.lib(wm_wifi_api.o)
    0x08040904   0x08040904   0x00000868   Code   RO         5278    .text               wlan.lib(wm_wifi_oneshot_api.o)
    0x0804116c   0x0804116c   0x000004a8   Code   RO         5315    .text               wlan.lib(litepoint.o)
    0x08041614   0x08041614   0x0000026c   Code   RO         5373    .text               wlan.lib(bss.o)
    0x08041880   0x08041880   0x00000e18   Code   RO         5428    .text               wlan.lib(events.o)
    0x08042698   0x08042698   0x00000320   Code   RO         5504    .text               wlan.lib(hostapd.o)
    0x080429b8   0x080429b8   0x00000094   Code   RO         5567    .text               wlan.lib(ieee802_1x.o)
    0x08042a4c   0x08042a4c   0x000009b0   Code   RO         5625    .text               wlan.lib(ieee802_11.o)
    0x080433fc   0x080433fc   0x00000286   Code   RO         5683    .text               wlan.lib(ieee802_11_common.o)
    0x08043682   0x08043682   0x0000006c   Code   RO         5723    .text               wlan.lib(os_internal.o)
    0x080436ee   0x080436ee   0x0000029e   Code   RO         5739    .text               wlan.lib(scan.o)
    0x0804398c   0x0804398c   0x000000f8   Code   RO         5789    .text               wlan.lib(sha1-pbkdf2.o)
    0x08043a84   0x08043a84   0x000005b4   Code   RO         5808    .text               wlan.lib(hostapd_sta_info.o)
    0x08044038   0x08044038   0x000000dc   Code   RO         5861    .text               wlan.lib(tkip_countermeasures.o)
    0x08044114   0x08044114   0x00001016   Code   RO         5913    .text               wlan.lib(wpa.o)
    0x0804512a   0x0804512a   0x00000022   Code   RO         6005    .text               wlan.lib(wpa_debug.o)
    0x0804514c   0x0804514c   0x00000476   Code   RO         6029    .text               wlan.lib(wpa_driver.o)
    0x080455c2   0x080455c2   0x00000002   PAD
    0x080455c4   0x080455c4   0x000003b4   Code   RO         6079    .text               wlan.lib(wpa_ie.o)
    0x08045978   0x08045978   0x0000012e   Code   RO         6125    .text               wlan.lib(wpabuf.o)
    0x08045aa6   0x08045aa6   0x00000002   PAD
    0x08045aa8   0x08045aa8   0x0000032c   Code   RO         6145    .text               wlan.lib(wpas_glue.o)
    0x08045dd4   0x08045dd4   0x000008c0   Code   RO         6203    .text               wlan.lib(wps_supplicant.o)
    0x08046694   0x08046694   0x00000688   Code   RO         6262    .text               wlan.lib(eap_wsc.o)
    0x08046d1c   0x08046d1c   0x00000d0c   Code   RO         6302    .text               wlan.lib(eapol_supp_sm.o)
    0x08047a28   0x08047a28   0x00000490   Code   RO         6357    .text               wlan.lib(wps.o)
    0x08047eb8   0x08047eb8   0x0000060a   Code   RO         6406    .text               wlan.lib(wps_common.o)
    0x080484c2   0x080484c2   0x00000002   PAD
    0x080484c4   0x080484c4   0x00000720   Code   RO         6431    .text               wlan.lib(tls_wl_bss.o)
    0x08048be4   0x08048be4   0x000002f6   Code   RO         6487    .text               wlan.lib(tls_wl_key.o)
    0x08048eda   0x08048eda   0x00000002   PAD
    0x08048edc   0x08048edc   0x00000c88   Code   RO         6519    .text               wlan.lib(tls_wl_mgmt.o)
    0x08049b64   0x08049b64   0x0000173c   Code   RO         6550    .text               wlan.lib(tls_wl_mlme.o)
    0x0804b2a0   0x0804b2a0   0x0000007c   Code   RO         6594    .text               wlan.lib(tls_wl_phy.o)
    0x0804b31c   0x0804b31c   0x000009d0   Code   RO         6625    .text               wlan.lib(tls_wl_rc.o)
    0x0804bcec   0x0804bcec   0x00001230   Code   RO         6656    .text               wlan.lib(tls_wl_rx.o)
    0x0804cf1c   0x0804cf1c   0x000002fc   Code   RO         6715    .text               wlan.lib(tls_wl_scan.o)
    0x0804d218   0x0804d218   0x00000234   Code   RO         6749    .text               wlan.lib(tls_wl_sta_info.o)
    0x0804d44c   0x0804d44c   0x00000474   Code   RO         6775    .text               wlan.lib(tls_wl_util.o)
    0x0804d8c0   0x0804d8c0   0x00000dc4   Code   RO         6808    .text               wlan.lib(tls_rf_tx_iq.o)
    0x0804e684   0x0804e684   0x00001184   Code   RO         6832    .text               wlan.lib(tx_lo_cal.o)
    0x0804f808   0x0804f808   0x000000e6   Code   RO         6857    .text               wlan.lib(aes.o)
    0x0804f8ee   0x0804f8ee   0x000000b4   Code   RO         6915    .text               wlan.lib(aes_unwrap.o)
    0x0804f9a2   0x0804f9a2   0x00000036   Code   RO         6934    .text               wlan.lib(ap_mlme.o)
    0x0804f9d8   0x0804f9d8   0x000004cc   Code   RO         6969    .text               wlan.lib(beacon.o)
    0x0804fea4   0x0804fea4   0x00000104   Code   RO         7027    .text               wlan.lib(common.o)
    0x0804ffa8   0x0804ffa8   0x00000116   Code   RO         7048    .text               wlan.lib(rc4.o)
    0x080500be   0x080500be   0x00000002   PAD
    0x080500c0   0x080500c0   0x00001704   Code   RO         7083    .text               wlan.lib(wpa_auth.o)
    0x080517c4   0x080517c4   0x00000080   Code   RO         7142    .text               wlan.lib(wpa_auth_glue.o)
    0x08051844   0x08051844   0x00000668   Code   RO         7191    .text               wlan.lib(wpa_auth_ie.o)
    0x08051eac   0x08051eac   0x00000568   Code   RO         7231    .text               wlan.lib(wpa_common.o)
    0x08052414   0x08052414   0x00000250   Code   RO         7259    .text               wlan.lib(hostapd_wpa_driver.o)
    0x08052664   0x08052664   0x00000048   Code   RO         7312    .text               wlan.lib(dh_group5.o)
    0x080526ac   0x080526ac   0x00000130   Code   RO         7343    .text               wlan.lib(eap_common.o)
    0x080527dc   0x080527dc   0x00000d02   Code   RO         7368    .text               wlan.lib(eap.o)
    0x080534de   0x080534de   0x00000002   PAD
    0x080534e0   0x080534e0   0x00000108   Code   RO         7406    .text               wlan.lib(eap_methods.o)
    0x080535e8   0x080535e8   0x000004ae   Code   RO         7440    .text               wlan.lib(wps_attr_build.o)
    0x08053a96   0x08053a96   0x000003d6   Code   RO         7468    .text               wlan.lib(wps_attr_parse.o)
    0x08053e6c   0x08053e6c   0x000004c6   Code   RO         7493    .text               wlan.lib(wps_dev_attr.o)
    0x08054332   0x08054332   0x00000d8a   Code   RO         7519    .text               wlan.lib(wps_enrollee.o)
    0x080550bc   0x080550bc   0x00000160   Code   RO         7544    .text               wlan.lib(tls_rf_fft.o)
    0x0805521c   0x0805521c   0x000000a4   Code   RO         7580    .text               wlan.lib(aes_wrap.o)
    0x080552c0   0x080552c0   0x000001f0   Code   RO         7596    .text               wlan.lib(dh_groups.o)
    0x080554b0   0x080554b0   0x00000236   Code   RO         7625    .text               wlan.lib(wps_attr_process.o)
    0x080556e6   0x080556e6   0x00000090   Code   RO         7650    .text               wlan.lib(bignum.o)
    0x08055776   0x08055776   0x00000062   Code   RO         7690    .text               mc_w.l(uldiv.o)
    0x080557d8   0x080557d8   0x00000062   Code   RO         7692    .text               mc_w.l(ldiv.o)
    0x0805583a   0x0805583a   0x00000002   PAD
    0x0805583c   0x0805583c   0x00000008   Code   RO         7694    .text               mc_w.l(ctype_o.o)
    0x08055844   0x08055844   0x00000012   Code   RO         7716    .text               mc_w.l(isspace_o.o)
    0x08055856   0x08055856   0x0000000c   Code   RO         7722    .text               mc_w.l(toupper.o)
    0x08055862   0x08055862   0x0000000c   Code   RO         7724    .text               mc_w.l(tolower.o)
    0x0805586e   0x0805586e   0x00000002   PAD
    0x08055870   0x08055870   0x00000024   Code   RO         7726    .text               mc_w.l(rand.o)
    0x08055894   0x08055894   0x00000042   Code   RO         7739    .text               mc_w.l(memmove.o)
    0x080558d6   0x080558d6   0x00000024   Code   RO         7745    .text               mc_w.l(memseta.o)
    0x080558fa   0x080558fa   0x00000018   Code   RO         7747    .text               mc_w.l(strcat.o)
    0x08055912   0x08055912   0x00000024   Code   RO         7749    .text               mc_w.l(strstr.o)
    0x08055936   0x08055936   0x00000018   Code   RO         7751    .text               mc_w.l(strncpy.o)
    0x0805594e   0x0805594e   0x00000014   Code   RO         7753    .text               mc_w.l(strchr.o)
    0x08055962   0x08055962   0x0000000e   Code   RO         7755    .text               mc_w.l(strlen.o)
    0x08055970   0x08055970   0x0000001c   Code   RO         7757    .text               mc_w.l(strcmp.o)
    0x0805598c   0x0805598c   0x00000014   Code   RO         7759    .text               mc_w.l(memchr.o)
    0x080559a0   0x080559a0   0x0000001a   Code   RO         7761    .text               mc_w.l(memcmp.o)
    0x080559ba   0x080559ba   0x00000012   Code   RO         7765    .text               mc_w.l(strcpy.o)
    0x080559cc   0x080559cc   0x0000001e   Code   RO         7767    .text               mc_w.l(strncmp.o)
    0x080559ea   0x080559ea   0x00000002   PAD
    0x080559ec   0x080559ec   0x00000038   Code   RO         8083    .text               mc_w.l(__0sscanf.o)
    0x08055a24   0x08055a24   0x0000014c   Code   RO         8085    .text               mc_w.l(_scanf_int.o)
    0x08055b70   0x08055b70   0x000000e0   Code   RO         8087    .text               mc_w.l(_scanf_str.o)
    0x08055c50   0x08055c50   0x0000001a   Code   RO         8093    .text               mc_w.l(atoi.o)
    0x08055c6a   0x08055c6a   0x0000001a   Code   RO         8095    .text               mc_w.l(atol.o)
    0x08055c84   0x08055c84   0x0000014e   Code   RO         8107    .text               mf_w.l(dadd.o)
    0x08055dd2   0x08055dd2   0x000000e4   Code   RO         8109    .text               mf_w.l(dmul.o)
    0x08055eb6   0x08055eb6   0x000000de   Code   RO         8111    .text               mf_w.l(ddiv.o)
    0x08055f94   0x08055f94   0x0000002e   Code   RO         8113    .text               mf_w.l(dscalb.o)
    0x08055fc2   0x08055fc2   0x0000000a   Code   RO         8117    .text               mf_w.l(ffltui.o)
    0x08055fcc   0x08055fcc   0x00000022   Code   RO         8119    .text               mf_w.l(dflti.o)
    0x08055fee   0x08055fee   0x0000001a   Code   RO         8121    .text               mf_w.l(dfltui.o)
    0x08056008   0x08056008   0x0000003e   Code   RO         8125    .text               mf_w.l(dfixi.o)
    0x08056046   0x08056046   0x00000026   Code   RO         8127    .text               mf_w.l(f2d.o)
    0x0805606c   0x0805606c   0x00000030   Code   RO         8131    .text               mf_w.l(cdrcmple.o)
    0x0805609c   0x0805609c   0x00000014   Code   RO         8135    .text               mf_w.l(cfcmple.o)
    0x080560b0   0x080560b0   0x0000002c   Code   RO         8178    .text               mc_w.l(uidiv.o)
    0x080560dc   0x080560dc   0x0000001e   Code   RO         8180    .text               mc_w.l(llshl.o)
    0x080560fa   0x080560fa   0x00000020   Code   RO         8182    .text               mc_w.l(llushr.o)
    0x0805611a   0x0805611a   0x00000024   Code   RO         8184    .text               mc_w.l(llsshr.o)
    0x0805613e   0x0805613e   0x0000001c   Code   RO         8191    .text               mc_w.l(_chval.o)
    0x0805615a   0x0805615a   0x00000002   PAD
    0x0805615c   0x0805615c   0x00000028   Code   RO         8193    .text               mc_w.l(scanf_char.o)
    0x08056184   0x08056184   0x00000040   Code   RO         8195    .text               mc_w.l(_sgetc.o)
    0x080561c4   0x080561c4   0x00000070   Code   RO         8199    .text               mc_w.l(strtol.o)
    0x08056234   0x08056234   0x00000000   Code   RO         8203    .text               mc_w.l(iusefp.o)
    0x08056234   0x08056234   0x0000006e   Code   RO         8204    .text               mf_w.l(fepilogue.o)
    0x080562a2   0x080562a2   0x000000ba   Code   RO         8206    .text               mf_w.l(depilogue.o)
    0x0805635c   0x0805635c   0x00000030   Code   RO         8210    .text               mf_w.l(dfixul.o)
    0x0805638c   0x0805638c   0x00000024   Code   RO         8212    .text               mc_w.l(init.o)
    0x080563b0   0x080563b0   0x0000032c   Code   RO         8216    .text               mc_w.l(_scanf.o)
    0x080566dc   0x080566dc   0x0000009e   Code   RO         8218    .text               mc_w.l(_strtoul.o)
    0x0805677a   0x0805677a   0x00000056   Code   RO         8235    .text               mc_w.l(__dczerorl2.o)
    0x080567d0   0x080567d0   0x00000020   Code   RO         8020    i.__0printf         mc_w.l(printfa.o)
    0x080567f0   0x080567f0   0x00000028   Code   RO         8022    i.__0sprintf        mc_w.l(printfa.o)
    0x08056818   0x08056818   0x0000002c   Code   RO         8025    i.__0vsnprintf      mc_w.l(printfa.o)
    0x08056844   0x08056844   0x00000008   Code   RO         8076    i.__aeabi_errno_addr  mc_w.l(errno.o)
    0x0805684c   0x0805684c   0x0000000e   Code   RO         8229    i.__scatterload_copy  mc_w.l(handlers.o)
    0x0805685a   0x0805685a   0x00000002   Code   RO         8230    i.__scatterload_null  mc_w.l(handlers.o)
    0x0805685c   0x0805685c   0x0000000e   Code   RO         8231    i.__scatterload_zeroinit  mc_w.l(handlers.o)
    0x0805686a   0x0805686a   0x00000002   PAD
    0x0805686c   0x0805686c   0x00000184   Code   RO         8027    i._fp_digits        mc_w.l(printfa.o)
    0x080569f0   0x080569f0   0x000006dc   Code   RO         8028    i._printf_core      mc_w.l(printfa.o)
    0x080570cc   0x080570cc   0x00000024   Code   RO         8029    i._printf_post_padding  mc_w.l(printfa.o)
    0x080570f0   0x080570f0   0x0000002e   Code   RO         8030    i._printf_pre_padding  mc_w.l(printfa.o)
    0x0805711e   0x0805711e   0x00000016   Code   RO         8031    i._snputc           mc_w.l(printfa.o)
    0x08057134   0x08057134   0x0000000a   Code   RO         8032    i._sputc            mc_w.l(printfa.o)
    0x0805713e   0x0805713e   0x00000002   PAD
    0x08057140   0x08057140   0x00000050   Code   RO         8048    i.free              mc_w.l(malloc.o)
    0x08057190   0x08057190   0x0000006c   Code   RO         8049    i.malloc            mc_w.l(malloc.o)
    0x080571fc   0x080571fc   0x00000004   Data   RO          254    .constdata          wm_lcd.o
    0x08057200   0x08057200   0x00000010   Data   RO          765    .constdata          wm_oneshot_airkiss.o
    0x08057210   0x08057210   0x00000015   Data   RO          830    .constdata          wm_cmd.o
    0x08057225   0x08057225   0x00000014   Data   RO         1009    .constdata          wm_rtos.o
    0x08057239   0x08057239   0x00000001   PAD
    0x0805723a   0x0805723a   0x00000002   Data   RO         1092    .constdata          lwip2.0.3.o
    0x0805723c   0x0805723c   0x00000002   Data   RO         1093    .constdata          lwip2.0.3.o
    0x0805723e   0x0805723e   0x00000002   Data   RO         1094    .constdata          lwip2.0.3.o
    0x08057240   0x08057240   0x00000002   Data   RO         1095    .constdata          lwip2.0.3.o
    0x08057242   0x08057242   0x00000002   Data   RO         1096    .constdata          lwip2.0.3.o
    0x08057244   0x08057244   0x00000002   Data   RO         1097    .constdata          lwip2.0.3.o
    0x08057246   0x08057246   0x00000002   Data   RO         1098    .constdata          lwip2.0.3.o
    0x08057248   0x08057248   0x00000002   Data   RO         1099    .constdata          lwip2.0.3.o
    0x0805724a   0x0805724a   0x00000002   Data   RO         1100    .constdata          lwip2.0.3.o
    0x0805724c   0x0805724c   0x00000002   Data   RO         1101    .constdata          lwip2.0.3.o
    0x0805724e   0x0805724e   0x00000002   Data   RO         1102    .constdata          lwip2.0.3.o
    0x08057250   0x08057250   0x00000002   Data   RO         1103    .constdata          lwip2.0.3.o
    0x08057252   0x08057252   0x00000002   Data   RO         1104    .constdata          lwip2.0.3.o
    0x08057254   0x08057254   0x00000002   Data   RO         1105    .constdata          lwip2.0.3.o
    0x08057256   0x08057256   0x00000002   Data   RO         1106    .constdata          lwip2.0.3.o
    0x08057258   0x08057258   0x00000002   Data   RO         1107    .constdata          lwip2.0.3.o
    0x0805725a   0x0805725a   0x00000002   PAD
    0x0805725c   0x0805725c   0x0000013c   Data   RO         1108    .constdata          lwip2.0.3.o
    0x08057398   0x08057398   0x00000004   Data   RO         1565    .constdata          wm_main.o
    0x0805739c   0x0805739c   0x00000006   Data   RO         1566    .constdata          wm_main.o
    0x080573a2   0x080573a2   0x00000002   PAD
    0x080573a4   0x080573a4   0x00000044   Data   RO         1740    .constdata          wm_driver.o
    0x080573e8   0x080573e8   0x00000ad8   Data   RO         1969    .constdata          wm_common.o
    0x08057ec0   0x08057ec0   0x00000010   Data   RO         2996    .constdata          wm_http_compile.o
    0x08057ed0   0x08057ed0   0x00000222   Data   RO         4288    .constdata          libairkiss_log.lib(airkiss_log.o)
    0x080580f2   0x080580f2   0x00000002   PAD
    0x080580f4   0x080580f4   0x00000004   Data   RO         4291    .constdata          libairkiss_log.lib(airlink.o)
    0x080580f8   0x080580f8   0x00000090   Data   RO         4320    .constdata          wlan.lib(ap.o)
    0x08058188   0x08058188   0x00000020   Data   RO         4571    .constdata          wlan.lib(random.o)
    0x080581a8   0x080581a8   0x00000100   Data   RO         4673    .constdata          wlan.lib(sha256.o)
    0x080582a8   0x080582a8   0x00000025   Data   RO         4981    .constdata          wlan.lib(tls_wl_rf.o)
    0x080582cd   0x080582cd   0x00000003   PAD
    0x080582d0   0x080582d0   0x00000078   Data   RO         4982    .constdata          wlan.lib(tls_wl_rf.o)
    0x08058348   0x08058348   0x00000068   Data   RO         5505    .constdata          wlan.lib(hostapd.o)
    0x080583b0   0x080583b0   0x000000b0   Data   RO         5914    .constdata          wlan.lib(wpa.o)
    0x08058460   0x08058460   0x00000050   Data   RO         6595    .constdata          wlan.lib(tls_wl_phy.o)
    0x080584b0   0x080584b0   0x00000006   Data   RO         6658    .constdata          wlan.lib(tls_wl_rx.o)
    0x080584b6   0x080584b6   0x00000800   Data   RO         7545    .constdata          wlan.lib(tls_rf_fft.o)
    0x08058cb6   0x08058cb6   0x00000001   Data   RO         7597    .constdata          wlan.lib(dh_groups.o)
    0x08058cb7   0x08058cb7   0x000000c0   Data   RO         7598    .constdata          wlan.lib(dh_groups.o)
    0x08058d77   0x08058d77   0x00000081   Data   RO         7695    .constdata          mc_w.l(ctype_o.o)
    0x08058df8   0x08058df8   0x00000004   Data   RO         7696    .constdata          mc_w.l(ctype_o.o)
    0x08058dfc   0x08058dfc   0x00000405   Data   RO          831    .conststring        wm_cmd.o
    0x08059201   0x08059201   0x00000003   PAD
    0x08059204   0x08059204   0x000000c0   Data   RO         1110    .conststring        lwip2.0.3.o
    0x080592c4   0x080592c4   0x00000049   Data   RO         4945    .conststring        wlan.lib(tls_wl_if.o)
    0x0805930d   0x0805930d   0x00000003   PAD
    0x08059310   0x08059310   0x00000020   Data   RO         8227    Region$$Table       anon$$obj.o


    Execution Region RW_IRAM1 (Exec base: 0x20000000, Load base: 0x08059330, Size: 0x00023808, Max: 0x00028000, ABSOLUTE, COMPRESSED[0x00000e44])

    Exec Addr    Load Addr    Size         Type   Attr      Idx    E Section Name        Object

    0x20000000   COMPRESSED   0x00000010   Data   RW          146    .data               wm_console_task.o
    0x20000010   COMPRESSED   0x00000003   Data   RW          255    .data               wm_lcd.o
    0x20000013   COMPRESSED   0x00000015   Data   RW          283    .data               wm_exrtc.o
    0x20000028   COMPRESSED   0x00000010   Data   RW          402    .data               wm_wifi.o
    0x20000038   COMPRESSED   0x00000001   Data   RW          435    .data               wm_datahandle.o
    0x20000039   COMPRESSED   0x00000003   PAD
    0x2000003c   COMPRESSED   0x0000007e   Data   RW          712    .data               wm_wifi_oneshot.o
    0x200000ba   COMPRESSED   0x00000002   PAD
    0x200000bc   COMPRESSED   0x0000000e   Data   RW          766    .data               wm_oneshot_airkiss.o
    0x200000ca   COMPRESSED   0x00000002   PAD
    0x200000cc   COMPRESSED   0x000006f4   Data   RW          832    .data               wm_cmd.o
    0x200007c0   COMPRESSED   0x000000a0   Data   RW         1010    .data               wm_rtos.o
    0x20000860   COMPRESSED   0x000000e8   Data   RW         1111    .data               lwip2.0.3.o
    0x20000948   COMPRESSED   0x00000004   Data   RW         1494    .data               retarget.o
    0x2000094c   COMPRESSED   0x00000008   Data   RW         1567    .data               wm_main.o
    0x20000954   COMPRESSED   0x00000004   Data   RW         1705    .data               tls_sys.o
    0x20000958   COMPRESSED   0x00000094   Data   RW         1743    .data               wm_driver.o
    0x200009ec   COMPRESSED   0x00000004   PAD
    0x200009f0   COMPRESSED   0x00000020   Data   RW         1970    .data               wm_common.o
    0x20000a10   COMPRESSED   0x00000004   Data   RW         2997    .data               wm_http_compile.o
    0x20000a14   COMPRESSED   0x00000018   Data   RW         3088    .data               ping.o
    0x20000a2c   COMPRESSED   0x00000010   Data   RW         4267    .data               wm_socket_fwup.o
    0x20000a3c   COMPRESSED   0x00000004   Data   RW         4321    .data               wlan.lib(ap.o)
    0x20000a40   COMPRESSED   0x00000014   Data   RW         4572    .data               wlan.lib(random.o)
    0x20000a54   COMPRESSED   0x00000048   Data   RW         4693    .data               wlan.lib(wpa_supplicant.o)
    0x20000a9c   COMPRESSED   0x00000008   Data   RW         4833    .data               wlan.lib(tls_wl_core.o)
    0x20000aa4   COMPRESSED   0x00000044   Data   RW         4897    .data               wlan.lib(tls_wl_hw.o)
    0x20000ae8   COMPRESSED   0x00000060   Data   RW         4898    .data               wlan.lib(tls_wl_hw.o)
    0x20000b48   COMPRESSED   0x000000a8   Data   RW         4899    .data               wlan.lib(tls_wl_hw.o)
    0x20000bf0   COMPRESSED   0x00000018   Data   RW         4946    .data               wlan.lib(tls_wl_if.o)
    0x20000c08   COMPRESSED   0x00000220   Data   RW         4983    .data               wlan.lib(tls_wl_rf.o)
    0x20000e28   COMPRESSED   0x00000010   Data   RW         5015    .data               wlan.lib(tls_wl_tx.o)
    0x20000e38   COMPRESSED   0x00000008   Data   RW         5082    .data               wlan.lib(wm_wifi_api.o)
    0x20000e40   COMPRESSED   0x0000001c   Data   RW         5280    .data               wlan.lib(wm_wifi_oneshot_api.o)
    0x20000e5c   COMPRESSED   0x00000084   Data   RW         5316    .data               wlan.lib(litepoint.o)
    0x20000ee0   COMPRESSED   0x00000004   Data   RW         6263    .data               wlan.lib(eap_wsc.o)
    0x20000ee4   COMPRESSED   0x0000002c   Data   RW         6303    .data               wlan.lib(eapol_supp_sm.o)
    0x20000f10   COMPRESSED   0x00000004   Data   RW         6432    .data               wlan.lib(tls_wl_bss.o)
    0x20000f14   COMPRESSED   0x00000228   Data   RW         6626    .data               wlan.lib(tls_wl_rc.o)
    0x2000113c   COMPRESSED   0x00000004   Data   RW         6659    .data               wlan.lib(tls_wl_rx.o)
    0x20001140   COMPRESSED   0x000009bc   Data   RW         6810    .data               wlan.lib(tls_rf_tx_iq.o)
    0x20001afc   COMPRESSED   0x00000160   Data   RW         6834    .data               wlan.lib(tx_lo_cal.o)
    0x20001c5c   COMPRESSED   0x00000004   Data   RW         7407    .data               wlan.lib(eap_methods.o)
    0x20001c60   COMPRESSED   0x00000004   Data   RW         7546    .data               wlan.lib(tls_rf_fft.o)
    0x20001c64   COMPRESSED   0x00000004   Data   RW         7547    .data               wlan.lib(tls_rf_fft.o)
    0x20001c68   COMPRESSED   0x00000014   Data   RW         7599    .data               wlan.lib(dh_groups.o)
    0x20001c7c   COMPRESSED   0x00000004   Data   RW         7727    .data               mc_w.l(rand.o)
    0x20001c80   COMPRESSED   0x00000004   Data   RW         8079    .data               mc_w.l(errno.o)
    0x20001c84   COMPRESSED   0x00000004   Data   RW         8189    .data               mc_w.l(mvars.o)
    0x20001c88   COMPRESSED   0x00000004   Data   RW         8190    .data               mc_w.l(mvars.o)
    0x20001c8c        -       0x00004000   Zero   RW          145    .bss                wm_console_task.o
    0x20005c8c        -       0x00000020   Zero   RW          253    .bss                wm_lcd.o
    0x20005cac        -       0x0000000c   Zero   RW          374    .bss                wm_uart1.o
    0x20005cb8        -       0x000010c8   Zero   RW          401    .bss                wm_wifi.o
    0x20006d80        -       0x00000036   Zero   RW          432    .bss                wm_datahandle.o
    0x20006db6   COMPRESSED   0x00000002   PAD
    0x20006db8        -       0x00000034   Zero   RW          466    .bss                wm_meter.o
    0x20006dec        -       0x00000308   Zero   RW          499    .bss                dhcp_server.o
    0x200070f4        -       0x00000028   Zero   RW          685    .bss                dns_server.o
    0x2000711c        -       0x0000032c   Zero   RW          711    .bss                wm_wifi_oneshot.o
    0x20007448        -       0x000005e8   Zero   RW          764    .bss                wm_oneshot_airkiss.o
    0x20007a30        -       0x0000027c   Zero   RW          828    .bss                wm_cmd.o
    0x20007cac        -       0x000007d0   Zero   RW          829    .bss                wm_cmd.o
    0x2000847c   COMPRESSED   0x00000004   PAD
    0x20008480        -       0x00003614   Zero   RW         1008    .bss                wm_rtos.o
    0x2000ba94        -       0x0000118c   Zero   RW         1090    .bss                lwip2.0.3.o
    0x2000cc20        -       0x00000180   Zero   RW         1493    .bss                retarget.o
    0x2000cda0        -       0x00000400   Zero   RW         1704    .bss                tls_sys.o
    0x2000d1a0        -       0x00000718   Zero   RW         1738    .bss                wm_driver.o
    0x2000d8b8        -       0x000009a8   Zero   RW         1967    .bss                wm_common.o
    0x2000e260        -       0x00000400   Zero   RW         2995    .bss                wm_http_compile.o
    0x2000e660        -       0x00000448   Zero   RW         3087    .bss                ping.o
    0x2000eaa8        -       0x00000094   Zero   RW         4570    .bss                wlan.lib(random.o)
    0x2000eb3c        -       0x00002200   Zero   RW         4691    .bss                wlan.lib(wpa_supplicant.o)
    0x20010d3c        -       0x00001030   Zero   RW         4831    .bss                wlan.lib(tls_wl_core.o)
    0x20011d6c        -       0x000003cc   Zero   RW         5014    .bss                wlan.lib(tls_wl_tx.o)
    0x20012138        -       0x00000488   Zero   RW         5279    .bss                wlan.lib(wm_wifi_oneshot_api.o)
    0x200125c0        -       0x000001f8   Zero   RW         6657    .bss                wlan.lib(tls_wl_rx.o)
    0x200127b8        -       0x00000021   Zero   RW         6776    .bss                wlan.lib(tls_wl_util.o)
    0x200127d9   COMPRESSED   0x00000007   PAD
    0x200127e0        -       0x00000800   Zero   RW         6809    .bss                wlan.lib(tls_rf_tx_iq.o)
    0x20012fe0        -       0x00000400   Zero   RW         6833    .bss                wlan.lib(tx_lo_cal.o)
    0x200133e0        -       0x00000021   Zero   RW         7028    .bss                wlan.lib(common.o)
    0x20013401   COMPRESSED   0x00000007   PAD
    0x20013408        -       0x00010000   Zero   RW         1484    HEAP                startup_venus.o
    0x20023408        -       0x00000400   Zero   RW         1483    STACK               startup_venus.o


==============================================================================

Image component sizes


      Code (inc. data)   RO Data    RW Data    ZI Data      Debug   Object Name

      2216         48          0          0        776      59229   dhcp_server.o
       796         10          0          0         40       6259   dns_server.o
     48332        818        540        232       4492     337820   lwip2.0.3.o
       100         56          0          0          0      66865   main.o
       204         12          0          0          0       3939   misc.o
      1380        422          0         24       1096       8325   ping.o
        68          8          0          4        384       6589   retarget.o
        40          8        236          0      66560        720   startup_venus.o
       892         40          0          4       1024       4704   tls_sys.o
     28076       2094       1050       1780       2636     222934   wm_cmd.o
     22708       2058       2776         32       2472     155890   wm_common.o
       184         36          0         16      16384      20548   wm_console_task.o
      1776        464          0          1         54       8220   wm_datahandle.o
     21860        870         68        148       1816     227482   wm_driver.o
       484        100          0          0          0       3318   wm_e2prom.o
      1596        316          0         21          0       6128   wm_exrtc.o
      6656        492         16          4       1024      39195   wm_http_compile.o
       560        140          0          0          0      15014   wm_http_fwup.o
      7200        208          4          3         32      14579   wm_lcd.o
        60          0          0          0          0       1382   wm_led.o
       332         24         10          8          0      34073   wm_main.o
      1260        182          0          0         52       8456   wm_meter.o
       916         46         16         14       1512      30658   wm_oneshot_airkiss.o
        44          0          0          0          0        793   wm_relay.o
      7082        282         20        160      13844      65235   wm_rtos.o
       360         38          0         16          0       2791   wm_socket_fwup.o
       584         76          0          0         12       2370   wm_uart1.o
      1288        312          0         16       4296       7645   wm_wifi.o
      5728        402          0        126        812      52514   wm_wifi_oneshot.o

    ----------------------------------------------------------------------
    162784       9562       4776       2620     119324    1413675   Object Totals
         0          0         32          0          0          0   (incl. Generated)
         2          0          8         11          6          0   (incl. Padding)

    ----------------------------------------------------------------------

      Code (inc. data)   RO Data    RW Data    ZI Data      Debug   Library Member Name

      2496        528        546          0          0        416   airkiss_log.o
       600        112          4          0          0        200   airlink.o
        56          8          0          0          0         84   __0sscanf.o
        86          0          0          0          0          0   __dczerorl2.o
        28          0          0          0          0         68   _chval.o
       812          4          0          0          0        112   _scanf.o
       332          0          0          0          0         96   _scanf_int.o
       224          0          0          0          0         96   _scanf_str.o
        64          0          0          0          0         84   _sgetc.o
       158          0          0          0          0         92   _strtoul.o
        26          0          0          0          0         80   atoi.o
        26          0          0          0          0         80   atol.o
         8          4        133          0          0         68   ctype_o.o
         0          0          0          0          0          0   entry.o
         0          0          0          0          0          0   entry10a.o
         0          0          0          0          0          0   entry11a.o
         8          4          0          0          0          0   entry2.o
         4          0          0          0          0          0   entry5.o
         0          0          0          0          0          0   entry7b.o
         0          0          0          0          0          0   entry8b.o
         8          4          0          0          0          0   entry9a.o
         8          4          0          4          0         68   errno.o
        30          0          0          0          0          0   handlers.o
        36          8          0          0          0         68   init.o
        18          0          0          0          0         76   isspace_o.o
         0          0          0          0          0          0   iusefp.o
        98          0          0          0          0         84   ldiv.o
        30          0          0          0          0         68   llshl.o
        36          0          0          0          0         68   llsshr.o
        32          0          0          0          0         68   llushr.o
       188         20          0          0          0        160   malloc.o
        20          0          0          0          0         68   memchr.o
        26          0          0          0          0         80   memcmp.o
        66          0          0          0          0         76   memmove.o
        36          0          0          0          0        108   memseta.o
         0          0          0          8          0          0   mvars.o
      2374        100          0          0          0        752   printfa.o
        36         10          0          4          0        136   rand.o
        40          8          0          0          0         84   scanf_char.o
        24          0          0          0          0         68   strcat.o
        20          0          0          0          0         68   strchr.o
        28          0          0          0          0         76   strcmp.o
        18          0          0          0          0         68   strcpy.o
        14          0          0          0          0         68   strlen.o
        30          0          0          0          0         80   strncmp.o
        24          0          0          0          0         76   strncpy.o
        36          0          0          0          0         80   strstr.o
       112          0          0          0          0         88   strtol.o
        12          0          0          0          0         68   tolower.o
        12          0          0          0          0         68   toupper.o
        44          0          0          0          0         80   uidiv.o
        98          0          0          0          0         92   uldiv.o
        48          0          0          0          0         68   cdrcmple.o
        20          0          0          0          0         68   cfcmple.o
       334          0          0          0          0        148   dadd.o
       222          0          0          0          0        100   ddiv.o
       186          0          0          0          0        176   depilogue.o
        62          0          0          0          0         80   dfixi.o
        48          0          0          0          0         68   dfixul.o
        34          0          0          0          0         76   dflti.o
        26          0          0          0          0         76   dfltui.o
       228          0          0          0          0         96   dmul.o
        46          0          0          0          0         80   dscalb.o
        38          0          0          0          0         68   f2d.o
       110          0          0          0          0        168   fepilogue.o
        10          0          0          0          0         68   ffltui.o
       230          0          0          0          0       3930   aes.o
         0          0          0          0          0       2560   aesMatrix.o
       180          0          0          0          0       1569   aes_unwrap.o
       164          0          0          0          0       1583   aes_wrap.o
      2104         42        144          4          0      86771   ap.o
        54          0          0          0          0      29601   ap_mlme.o
      1228          0          0          0          0      57567   beacon.o
       144          0          0          0          0       3407   bignum.o
       620          0          0          0          0      32088   bss.o
       260         10          0          0         33       7118   common.o
        72          0          0          0          0       3966   dh_group5.o
       496          4        193         20          0       6696   dh_groups.o
      3330        116          0          0          0      26117   eap.o
       304          0          0          0          0       6784   eap_common.o
       264          4          0          4          0       9599   eap_methods.o
      1672        216          0          4          0      20765   eap_wsc.o
      3340         66          0         44          0      45297   eapol_supp_sm.o
      3608         14          0          0          0      93073   events.o
       800          6        104          0          0      55941   hostapd.o
      1460         10          0          0          0      58631   hostapd_sta_info.o
       592          0          0          0          0      57693   hostapd_wpa_driver.o
      2480          0          0          0          0      63700   ieee802_11.o
       646          0          0          0          0      28828   ieee802_11_common.o
       148          0          0          0          0      55819   ieee802_1x.o
      5406          0          0          0          0      30815   libtommath.o
      1192         38          0        132          0      74055   litepoint.o
      2240        260          0          0          0      12277   md5.o
       108          0          0          0          0       2789   os_internal.o
       384         12         32         20        148       5157   random.o
       278          0          0          0          0       4620   rc4.o
       670          0          0          0          0      27939   scan.o
       248          0          0          0          0       3526   sha1-pbkdf2.o
       384          0          0          0          0       4202   sha1.o
      4052         42          0          0          0       8807   sha1_internal.o
      1160         36        256          0          0       6605   sha256.o
       220          6          0          0          0      51660   tkip_countermeasures.o
       352         12       2048          8          0       4079   tls_rf_fft.o
      3524        226          0       2492       2048       9444   tls_rf_tx_iq.o
      1824         12          0          4          0      82876   tls_wl_bss.o
      1748         78          0          8       4144      88310   tls_wl_core.o
      3184        144          0        332          0      52608   tls_wl_hw.o
      2736         32         73         24          0      50799   tls_wl_if.o
       758          0          0          0          0      61047   tls_wl_key.o
      3208         20          0          0          0      51729   tls_wl_mgmt.o
      5948         70          0          0          0      91347   tls_wl_mlme.o
       124         16         80          0          0       1703   tls_wl_phy.o
      2512         22          0        552          0      66984   tls_wl_rc.o
      1884        158        157        544          0       9715   tls_wl_rf.o
      4656         62          6          4        504      91932   tls_wl_rx.o
       764          0          0          0          0      42703   tls_wl_scan.o
       564          4          0          0          0      33332   tls_wl_sta_info.o
      4668         86          0         16        972     114784   tls_wl_tx.o
      1140         28          0          0         33      64689   tls_wl_util.o
      4484        152          0        352       1024      11265   tx_lo_cal.o
      4840         78          0          8          0     112980   wm_wifi_api.o
      2152         36          0         28       1160      32640   wm_wifi_oneshot_api.o
      4118        112        176          0          0      53539   wpa.o
      5892        152          0          0          0      84255   wpa_auth.o
       128          0          0          0          0      33715   wpa_auth_glue.o
      1640         14          0          0          0      16715   wpa_auth_ie.o
      1384         86          0          0          0      11423   wpa_common.o
        34          0          0          0          0       1746   wpa_debug.o
      1142          0          0          0          0      36533   wpa_driver.o
       948          8          0          0          0      30823   wpa_ie.o
      6180        308          0         72       8704     131223   wpa_supplicant.o
       302          0          0          0          0       4734   wpabuf.o
       812         22          0          0          0      36897   wpas_glue.o
      1168         26          0          0          0      17869   wps.o
      1198          0          0          0          0      19998   wps_attr_build.o
       982        112          0          0          0      14508   wps_attr_parse.o
       566          0          0          0          0      16395   wps_attr_process.o
      1546        164          0          0          0      18448   wps_common.o
      1222          0          0          0          0      19447   wps_dev_attr.o
      3466         22          0          0          0      25120   wps_enrollee.o
      2240         80          0          0          0      39475   wps_supplicant.o

    ----------------------------------------------------------------------
    136496       4038       3960       4688      18784    2685144   Library Totals
        26          0          8          0         14          0   (incl. Padding)

    ----------------------------------------------------------------------

      Code (inc. data)   RO Data    RW Data    ZI Data      Debug   Library Name

      3096        640        550          0          0        616   libairkiss_log.lib
      5386        174        133         16          0       3804   mc_w.l
      1412          0          0          0          0       1340   mf_w.l
    126576       3224       3269       4672      18770    2679384   wlan.lib

    ----------------------------------------------------------------------
    136496       4038       3960       4688      18784    2685144   Library Totals

    ----------------------------------------------------------------------

==============================================================================


      Code (inc. data)   RO Data    RW Data    ZI Data      Debug   

    299280      13600       8736       7308     138108    4084283   Grand Totals
    299280      13600       8736       3652     138108    4084283   ELF Image Totals (compressed)
    299280      13600       8736       3652          0          0   ROM Totals

==============================================================================

    Total RO  Size (Code + RO Data)               308016 ( 300.80kB)
    Total RW  Size (RW Data + ZI Data)            145416 ( 142.01kB)
    Total ROM Size (Code + RO Data + RW Data)     311668 ( 304.36kB)

==============================================================================

