<html>
<body>
<pre>
<h1>礦ision Build Log</h1>
<h2>Tool Versions:</h2>
IDE-Version: μVision V5.25.2.0
Copyright (C) 2018 ARM Ltd and ARM Germany GmbH. All rights reserved.
License Information: d dd, ddd, LIC=14HKP-M4E8L-7RQX3-ADKY5-CQL6T-GA032
 
Tool Versions:
Toolchain:       MDK-ARM Plus  Version: 5.25.2.0
Toolchain Path:  d:\Keil_v5\ARM\ARMCC\Bin
C Compiler:      Armcc.exe V5.06 update 6 (build 750)
Assembler:       Armasm.exe V5.06 update 6 (build 750)
Linker/Locator:  ArmLink.exe V5.06 update 6 (build 750)
Library Manager: ArmAr.exe V5.06 update 6 (build 750)
Hex Converter:   FromElf.exe V5.06 update 6 (build 750)
CPU DLL:         SARMCM3.DLL V5.25.2.0
Dialog DLL:      DLM.DLL V1.26.0.0
Target DLL:      Segger\JL2CM3.dll V2.99.29.0
Dialog DLL:      TLM.DLL V1.24.0.0
 
<h2>Project:</h2>
E:\SmartMeter_WinnerMicro\Tools\Keil\Project\WM_W600.uvproj
Project File Date:  07/12/2018

<h2>Output:</h2>
*** Using Compiler 'V5.06 update 6 (build 750)', folder: 'd:\Keil_v5\ARM\ARMCC\Bin'
Build target 'Flash'
compiling wm_datahandle.c...
linking...
Program Size: Code=299280 RO-data=8736 RW-data=7308 ZI-data=138108  
FromELF: creating hex file...
After Build - User command #1: fromelf.exe --bin -o "E:\SmartMeter_WinnerMicro\Tools\Keil\Project\objs\WM_W600.bin" "E:\SmartMeter_WinnerMicro\Tools\Keil\Project\objs\WM_W600.axf"
After Build - User command #2: makeimg.bat
已复制         1 个文件。
已复制         1 个文件。
已复制         1 个文件。
argc:7
image_addr:0xe000
argc:7
image_addr:0x7e800
argc:4
secboot_len:3148, app_imglen:4c1ac, total:581ac
已复制         1 个文件。
".\objs\WM_W600.axf" - 0 Error(s), 0 Warning(s).
Build Time Elapsed:  00:00:01
</pre>
</body>
</html>
